../Core/Src/main.c:101:6:decimal_to_binary	24	static
../Core/Src/main.c:114:9:decToBcd	16	static
../Core/Src/main.c:121:5:bcdToDec	16	static
../Core/Src/main.c:140:6:Set_Time	48	static
../Core/Src/main.c:154:6:Get_Time	32	static
../Core/Src/main.c:201:6:shift_out	32	static
../Core/Src/main.c:223:8:send_command	24	static
../Core/Src/main.c:229:8:send_args	24	static
../Core/Src/main.c:233:8:reset_TM	16	static
../Core/Src/main.c:243:8:print_zero	16	static
../Core/Src/main.c:253:8:print_ones	16	static
../Core/Src/main.c:263:8:print_temp	16	static
../Core/Src/main.c:277:8:print_hum	16	static
../Core/Src/main.c:301:8:delay	16	static
../Core/Src/main.c:308:8:Set_Pin_Output	40	static
../Core/Src/main.c:317:8:Set_Pin_Input	40	static
../Core/Src/main.c:326:8:DHT22_Start	8	static
../Core/Src/main.c:338:11:DHT22_Check_Response	16	static
../Core/Src/main.c:357:11:DHT22_Read	16	static
../Core/Src/main.c:380:8:TH_read_write	8	static
../Core/Src/main.c:402:5:main	56	static
../Core/Src/main.c:513:6:SystemClock_Config	88	static
../Core/Src/main.c:558:6:PeriphCommonClock_Config	32	static
../Core/Src/main.c:579:13:MX_I2C1_Init	8	static
../Core/Src/main.c:613:13:MX_I2C3_Init	8	static
../Core/Src/main.c:647:13:MX_I2S2_Init	8	static
../Core/Src/main.c:681:13:MX_I2S3_Init	8	static
../Core/Src/main.c:715:13:MX_TIM1_Init	32	static
../Core/Src/main.c:761:13:MX_TIM2_Init	32	static
../Core/Src/main.c:806:13:MX_TIM4_Init	32	static
../Core/Src/main.c:851:13:MX_TIM10_Init	8	static
../Core/Src/main.c:882:13:MX_TIM11_Init	8	static
../Core/Src/main.c:913:13:MX_GPIO_Init	56	static
../Core/Src/main.c:1043:6:HAL_GPIO_EXTI_Callback	16	static
../Core/Src/main.c:1053:6:HAL_TIM_PeriodElapsedCallback	40	static
../Core/Src/main.c:1118:6:Error_Handler	4	static,ignoring_inline_asm
